

  Search Indexing Engine (Unit)
    Tokenization Logic
      Γ£ö should extract correct tokens from transaction data
      1) should filter out short tokens
      Γ£ö should handle missing fields gracefully
    Search Query Parsing
      Γ£ö should format multi-word queries correctly


  3 passing (5ms)
  1 failing

  1) Search Indexing Engine (Unit)
       Tokenization Logic
         should filter out short tokens:

      AssertionError [ERR_ASSERTION]: Expected values to be strictly equal:

1 !== 0

      + expected - actual

      -1
      +0
      
      at Context.<anonymous> (tests\searchIndexing.test.js:30:20)
      at process.processImmediate (node:internal/timers:485:21)



